main
└── libliba.so [rpath]
    └── liblibb.so [rpath]
        └── liblibc.so [LD_LIBRARY_PATH]
            └── liblibd.so [rpath]

