main
└── libliba.so [rpath]
    └── liblibb.so [rpath]
        └── liblibc.so [runpath]
            └── liblibd.so [rpath]

